// Jest Snapshot v1, https://goo.gl/fbAQLP

exports[`Check box component It should matches snapshot 1`] = `
<label
  className="MuiFormControlLabel-root MuiFormControlLabel-labelPlacementEnd css-8dopei-MuiFormControlLabel-root"
>
  <span
    className="MuiCheckbox-root MuiCheckbox-colorPrimary MuiButtonBase-root MuiCheckbox-root MuiCheckbox-colorPrimary PrivateSwitchBase-root css-mto4qr-MuiButtonBase-root-MuiCheckbox-root"
    onBlur={[Function]}
    onContextMenu={[Function]}
    onDragLeave={[Function]}
    onFocus={[Function]}
    onKeyDown={[Function]}
    onKeyUp={[Function]}
    onMouseDown={[Function]}
    onMouseLeave={[Function]}
    onMouseUp={[Function]}
    onTouchEnd={[Function]}
    onTouchMove={[Function]}
    onTouchStart={[Function]}
    tabIndex={null}
  >
    <input
      checked={false}
      className="PrivateSwitchBase-input css-1m9pwf3"
      data-indeterminate={false}
      disabled={false}
      onChange={[Function]}
      type="checkbox"
    />
    <svg
      aria-hidden={true}
      className="MuiSvgIcon-root MuiSvgIcon-fontSizeMedium css-i4bv87-MuiSvgIcon-root"
      data-testid="SquareOutlinedIcon"
      focusable="false"
      viewBox="0 0 24 24"
    >
      <path
        d="M3 3v18h18V3H3zm16 16H5V5h14v14z"
      />
    </svg>
  </span>
  <span
    className="MuiTypography-root MuiTypography-body1 MuiFormControlLabel-label css-1e6sop9-MuiTypography-root"
  >
    Default
  </span>
</label>
`;
